request_suspend_state: wakeup (3->0) at 28777343752 (2000-01-01 00:00:23.728607178 UTC)
init: untracked pid 1363 exited

# init: sys_prop: permission denied uid:1001  name:ro.kernel.android.gps

# logcat -v time
--------- beginning of /dev/log/main
01-01 00:00:06.695 I/DEBUG   ( 1069): debuggerd: Jul  8 2011 03:15:14
01-01 00:00:06.953 I/Netd    ( 1068): Netd 1.0 starting
--------- beginning of /dev/log/system
01-01 00:00:06.953 I/Vold    ( 1067): Vold 2.1 (the revenge) firing up
01-01 00:00:06.953 D/Vold    ( 1067): USB mass storage support is not enabled in the kernel
01-01 00:00:06.984 D/Vold    ( 1067): Volume sdcard state changing -1 (Initializing) -> 0 (No-Media)
01-01 00:00:07.078 D/Vold    ( 1067): Volume sdcard state changing 0 (No-Media) -> 2 (Pending)
01-01 00:00:07.078 D/Vold    ( 1067): Volume sdcard state changing 2 (Pending) -> 1 (Idle-Unmounted)
01-01 00:00:07.820 D/AndroidRuntime( 1071): 
01-01 00:00:07.820 D/AndroidRuntime( 1071): >>>>>> AndroidRuntime START com.android.internal.os.ZygoteInit <<<<<<
01-01 00:00:07.820 D/AndroidRuntime( 1071): CheckJNI is ON
01-01 00:00:07.890 D/dalvikvm( 1071): creating instr width table
01-01 00:00:07.953 I/        ( 1072): ServiceManager: 0xad50
01-01 00:00:07.968 E/ALSALib ( 1072): external/alsa-lib/src/control/control.c:909:(snd_ctl_open_noupdate) Invalid CTL AndroidPlayback
01-01 00:00:07.968 W/AudioHardwareALSA( 1072): Unable to attach mixer to device AndroidPlayback: No such file or directory
01-01 00:00:07.976 E/ALSALib ( 1072): external/alsa-lib/src/control/control.c:909:(snd_ctl_open_noupdate) Invalid CTL AndroidCapture
01-01 00:00:07.976 W/AudioHardwareALSA( 1072): Unable to attach mixer to device AndroidCapture: No such file or directory
01-01 00:00:07.992 D/TIALSAModule( 1072): TI ALSA module opened
01-01 00:00:07.992 D/TIALSAModule( 1072): Initializing devices for TI ALSA module
01-01 00:00:07.992 I/CameraService( 1072): CameraService started (pid=1072)
01-01 00:00:07.992 D/AudioHardwareALSA( 1072): openOutputStream called for devices: 0x00000002
01-01 00:00:07.992 D/TIALSAModule( 1072): open called for devices 00000002 in mode 0...
01-01 00:00:08.085 I/TIALSAModule( 1072): Initialized ALSA PLAYBACK device default
01-01 00:00:08.085 I/AudioFlinger( 1072): AudioFlinger's thread 0x394a8 ready to run
01-01 00:00:08.085 D/TIALSAModule( 1072): route called for devices 00000002 in mode 0...
01-01 00:00:08.093 E/AudioHardwareALSA( 1072): CALLING STANDBY
01-01 00:00:09.281 I/SamplingProfilerIntegration( 1071): Profiler is disabled.
01-01 00:00:09.296 I/Zygote  ( 1071): Preloading classes...
01-01 00:00:09.304 D/dalvikvm( 1071): GC_EXPLICIT freed 47K, 78% free 232K/1024K, external 0K/0K, paused 3ms
01-01 00:00:09.328 D/dalvikvm( 1071): GC_EXPLICIT freed 1K, 73% free 282K/1024K, external 0K/0K, paused 4ms
01-01 00:00:09.359 D/dalvikvm( 1071): GC_EXPLICIT freed 20K, 70% free 315K/1024K, external 0K/0K, paused 3ms
01-01 00:00:09.390 D/dalvikvm( 1071): GC_EXPLICIT freed 17K, 66% free 353K/1024K, external 0K/0K, paused 4ms
01-01 00:00:09.429 D/dalvikvm( 1071): GC_EXPLICIT freed 26K, 63% free 381K/1024K, external 0K/0K, paused 4ms
01-01 00:00:09.695 D/dalvikvm( 1071): GC_EXPLICIT freed 22K, 58% free 440K/1024K, external 0K/0K, paused 5ms
01-01 00:00:09.742 W/MediaProfiles( 1071): could not find media config xml file
01-01 00:00:09.953 D/dalvikvm( 1071): GC_EXPLICIT freed 98K, 47% free 546K/1024K, external 0K/0K, paused 7ms
01-01 00:00:10.328 D/dalvikvm( 1071): GC_EXPLICIT freed 271K, 28% free 885K/1219K, external 0K/0K, paused 13ms
01-01 00:00:10.367 D/dalvikvm( 1071): GC_EXPLICIT freed 21K, 24% free 932K/1219K, external 0K/0K, paused 11ms
01-01 00:00:10.367 D/RenderScript_jni( 1071): RenderScript JNI library not found!
01-01 00:00:10.593 D/dalvikvm( 1071): GC_EXPLICIT freed 24K, 19% free 999K/1219K, external 0K/0K, paused 11ms
01-01 00:00:10.710 D/dalvikvm( 1071): GC_EXPLICIT freed 47K, 5% free 1282K/1347K, external 0K/0K, paused 17ms
01-01 00:00:10.765 D/dalvikvm( 1071): GC_EXPLICIT freed 24K, 3% free 1311K/1347K, external 0K/0K, paused 18ms
01-01 00:00:10.820 D/dalvikvm( 1071): GC_EXPLICIT freed 28K, 6% free 1337K/1411K, external 0K/0K, paused 21ms
01-01 00:00:11.132 D/dalvikvm( 1071): GC_EXPLICIT freed 14K, 3% free 1377K/1411K, external 0K/0K, paused 18ms
01-01 00:00:11.171 W/Zygote  ( 1071): Class not found for preloading: android.widget.TextView$SelectionModifierCursorController$1
01-01 00:00:11.226 D/dalvikvm( 1071): GC_EXPLICIT freed 28K, 5% free 1403K/1475K, external 0K/0K, paused 18ms
01-01 00:00:11.281 D/dalvikvm( 1071): GC_EXPLICIT freed 31K, 3% free 1442K/1475K, external 0K/0K, paused 19ms
01-01 00:00:11.328 D/dalvikvm( 1071): GC_EXPLICIT freed 38K, 6% free 1459K/1539K, external 0K/0K, paused 19ms
01-01 00:00:11.375 D/dalvikvm( 1071): GC_EXPLICIT freed 41K, 5% free 1474K/1539K, external 0K/0K, paused 20ms
01-01 00:00:11.421 D/dalvikvm( 1071): GC_EXPLICIT freed 55K, 8% free 1487K/1603K, external 0K/0K, paused 19ms
01-01 00:00:13.562 D/dalvikvm( 1071): GC_FOR_MALLOC freed 2886K, 57% free 2236K/5123K, external 0K/0K, paused 58ms
01-01 00:00:14.148 D/dalvikvm( 1071): GC_EXPLICIT freed 2442K, 52% free 2491K/5123K, external 0K/0K, paused 54ms
01-01 00:00:15.718 D/dalvikvm( 1071): GC_EXPLICIT freed 128K, 51% free 2551K/5123K, external 0K/0K, paused 37ms
01-01 00:00:15.828 D/dalvikvm( 1071): GC_EXPLICIT freed 73K, 50% free 2577K/5123K, external 0K/0K, paused 38ms
01-01 00:00:15.890 D/dalvikvm( 1071): GC_EXPLICIT freed 36K, 50% free 2594K/5123K, external 0K/0K, paused 38ms
01-01 00:00:15.953 D/dalvikvm( 1071): GC_EXPLICIT freed 31K, 49% free 2618K/5123K, external 0K/0K, paused 37ms
01-01 00:00:16.015 D/dalvikvm( 1071): GC_EXPLICIT freed 38K, 49% free 2640K/5123K, external 0K/0K, paused 39ms
01-01 00:00:16.023 I/Zygote  ( 1071): ...preloaded 1829 classes in 6725ms.
01-01 00:00:16.062 D/dalvikvm( 1071): GC_EXPLICIT freed 18K, 49% free 2638K/5123K, external 0K/0K, paused 37ms
01-01 00:00:16.062 I/Zygote  ( 1071): Preloading resources...
01-01 00:00:16.109 D/dalvikvm( 1071): GC_EXTERNAL_ALLOC freed <1K, 49% free 2640K/5123K, external 0K/0K, paused 37ms
01-01 00:00:16.390 D/dalvikvm( 1071): GC_EXPLICIT freed 15K, 48% free 2679K/5123K, external 414K/521K, paused 38ms
01-01 00:00:16.531 D/dalvikvm( 1071): GC_EXTERNAL_ALLOC freed 7K, 48% free 2689K/5123K, external 516K/521K, paused 72ms
01-01 00:00:16.695 I/Zygote  ( 1071): ...preloaded 51 resources in 627ms.
01-01 00:00:16.703 I/Zygote  ( 1071): ...preloaded 15 resources in 12ms.
01-01 00:00:16.742 D/dalvikvm( 1071): GC_EXPLICIT freed 14K, 48% free 2713K/5123K, external 716K/1038K, paused 39ms
01-01 00:00:16.781 D/dalvikvm( 1071): GC_EXPLICIT freed 8K, 48% free 2704K/5123K, external 716K/1038K, paused 39ms
01-01 00:00:16.820 D/dalvikvm( 1071): GC_EXPLICIT freed 1K, 48% free 2703K/5123K, external 716K/1038K, paused 38ms
01-01 00:00:16.835 I/dalvikvm( 1071): System server process 1181 has been created
01-01 00:00:16.835 I/Zygote  ( 1071): Accepting command socket connections
01-01 00:00:17.851 E/BatteryService( 1181): acOnlinePath not found
01-01 00:00:17.851 E/BatteryService( 1181): usbOnlinePath not found
01-01 00:00:17.851 E/BatteryService( 1181): batteryStatusPath not found
01-01 00:00:17.851 E/BatteryService( 1181): batteryHealthPath not found
01-01 00:00:17.851 E/BatteryService( 1181): batteryPresentPath not found
01-01 00:00:17.851 E/BatteryService( 1181): batteryCapacityPath not found
01-01 00:00:17.851 E/BatteryService( 1181): batteryVoltagePath not found
01-01 00:00:17.851 E/BatteryService( 1181): batteryTemperaturePath not found
01-01 00:00:17.851 E/BatteryService( 1181): batteryTechnologyPath not found
01-01 00:00:17.859 I/sysproc ( 1181): Entered system_init()
01-01 00:00:17.859 I/sysproc ( 1181): ServiceManager: 0xe8730
01-01 00:00:17.859 I/SurfaceFlinger( 1181): SurfaceFlinger is starting
01-01 00:00:17.867 I/SurfaceFlinger( 1181): SurfaceFlinger's main thread ready to run. Initializing graphics H/W...
01-01 00:00:17.906 D/libEGL  ( 1181): loaded /system/lib/egl/libGLES_android.so
01-01 00:00:17.914 D/libEGL  ( 1181): loaded /system/lib/egl/libEGL_POWERVR_SGX530_121.so
01-01 00:00:17.984 D/libEGL  ( 1181): loaded /system/lib/egl/libGLESv1_CM_POWERVR_SGX530_121.so
01-01 00:00:18.007 D/libEGL  ( 1181): loaded /system/lib/egl/libGLESv2_POWERVR_SGX530_121.so
01-01 00:00:18.046 W/SurfaceFlinger( 1181): ro.sf.lcd_density not defined, using 160 dpi by default.
01-01 00:00:18.078 E/libEGL  ( 1181): eglSetSwapRectangleANDROID:1844 error 3008 (EGL_BAD_DISPLAY)
01-01 00:00:18.078 I/SurfaceFlinger( 1181): EGL informations:
01-01 00:00:18.078 I/SurfaceFlinger( 1181): # of configs : 36
01-01 00:00:18.078 I/SurfaceFlinger( 1181): vendor    : Android
01-01 00:00:18.078 I/SurfaceFlinger( 1181): version   : 1.4 Android META-EGL
01-01 00:00:18.078 I/SurfaceFlinger( 1181): extensions: EGL_KHR_image EGL_KHR_image_base EGL_KHR_image_pixmap EGL_ANDROID_image_native_buffer EGL_ANDROID_swap_rectangle 
01-01 00:00:18.078 I/SurfaceFlinger( 1181): Client API: OpenGL ES
01-01 00:00:18.078 I/SurfaceFlinger( 1181): EGLSurface: 8-8-8-8, config=0x1
01-01 00:00:18.078 I/SurfaceFlinger( 1181): OpenGL informations:
01-01 00:00:18.078 I/SurfaceFlinger( 1181): vendor    : Imagination Technologies
01-01 00:00:18.078 I/SurfaceFlinger( 1181): renderer  : PowerVR SGX 530
01-01 00:00:18.078 I/SurfaceFlinger( 1181): version   : OpenGL ES-CM 1.1
01-01 00:00:18.078 I/SurfaceFlinger( 1181): extensions: GL_OES_byte_coordinates GL_OES_fixed_point GL_OES_single_precision GL_OES_matrix_get GL_OES_read_format GL_OES_compressed_paletted_texture GL_OES_point_sprite GL_OES_point_size_array GL_OES_matrix_palette GL_OES_draw_texture GL_OES_query_matrix GL_OES_texture_env_crossbar GL_OES_texture_mirrored_repeat GL_OES_texture_cube_map GL_OES_blend_subtract GL_OES_blend_func_separate GL_OES_blend_equation_separate GL_OES_stencil_wrap GL_OES_extended_matrix_palette GL_OES_framebuffer_object GL_OES_rgb8_rgba8 GL_OES_depth24 GL_OES_stencil8 GL_OES_compressed_ETC1_RGB8_texture GL_OES_mapbuffer GL_OES_EGL_image GL_EXT_multi_draw_arrays GL_OES_required_internalformat GL_IMG_read_format GL_IMG_texture_compression_pvrtc GL_IMG_texture_format_BGRA8888 GL_EXT_texture_format_BGRA8888 GL_IMG_texture_stream GL_OES_egl_sync GL_IMG_vertex_array_object
01-01 00:00:18.078 I/SurfaceFlinger( 1181): GL_MAX_TEXTURE_SIZE = 2048
01-01 00:00:18.078 I/SurfaceFlinger( 1181): GL_MAX_VIEWPORT_DIMS = 2048
01-01 00:00:18.078 I/SurfaceFlinger( 1181): flags = 00010000
01-01 00:00:18.078 D/SensorService( 1181): nuSensorService starting...
01-01 00:00:18.078 E/SensorService( 1181): couldn't load sensors module (No such file or directory)
01-01 00:00:18.078 I/sysproc ( 1181): System server: starting Android runtime.
01-01 00:00:18.078 I/sysproc ( 1181): System server: starting Android services.
01-01 00:00:18.078 I/sysproc ( 1181): System server: entering thread pool.
01-01 00:00:18.078 I/SystemServer( 1181): Entered the Android system server!
01-01 00:00:18.085 I/SystemServer( 1181): Entropy Service
01-01 00:00:18.351 D/libEGL  ( 1195): loaded /system/lib/egl/libGLES_android.so
01-01 00:00:18.359 D/libEGL  ( 1195): loaded /system/lib/egl/libEGL_POWERVR_SGX530_121.so
01-01 00:00:18.367 D/libEGL  ( 1195): loaded /system/lib/egl/libGLESv1_CM_POWERVR_SGX530_121.so
01-01 00:00:18.367 D/libEGL  ( 1195): loaded /system/lib/egl/libGLESv2_POWERVR_SGX530_121.so
01-01 00:00:18.523 W/zipro   ( 1195): Unable to open zip '/data/local/bootanimation.zip': No such file or directory
01-01 00:00:18.523 W/zipro   ( 1195): Unable to open zip '/system/media/bootanimation.zip': No such file or directory
01-01 00:00:18.734 I/SystemServer( 1181): Power Manager
01-01 00:00:18.750 E/SurfaceFlinger( 1181): eglSwapBuffers: EGL error 0x3008 (EGL_BAD_DISPLAY)
01-01 00:00:18.750 I/SystemServer( 1181): Activity Manager
01-01 00:00:18.804 I/ActivityManager( 1181): Memory class: 16
01-01 00:00:18.945 I/SystemServer( 1181): Telephony Registry
01-01 00:00:18.945 I/SystemServer( 1181): Package Manager
01-01 00:00:19.085 I/Installer( 1181): connecting...
01-01 00:00:19.093 I/installd( 1074): new connection
01-01 00:00:19.242 D/dalvikvm( 1181): GC_CONCURRENT freed 190K, 47% free 3031K/5639K, external 716K/1038K, paused 4ms+5ms
01-01 00:00:19.398 W/PackageManager( 1181): Running ENG build: no pre-dexopt!
01-01 00:00:19.960 D/dalvikvm( 1181): GC_CONCURRENT freed 218K, 45% free 3293K/5959K, external 716K/1038K, paused 4ms+10ms
01-01 00:00:20.437 I/PackageParser( 1181): com.app.Activation: compat added android.permission.WRITE_EXTERNAL_STORAGE android.permission.READ_PHONE_STATE
01-01 00:00:20.539 I/PackageParser( 1181): com.app.Connection: compat added android.permission.WRITE_EXTERNAL_STORAGE android.permission.READ_PHONE_STATE
01-01 00:00:20.898 W/PackageParser( 1181): No actions in intent filter at /system/app/Bluetooth.apk Binary XML file line #124
01-01 00:00:20.906 D/dalvikvm( 1181): GC_CONCURRENT freed 232K, 43% free 3551K/6215K, external 716K/1038K, paused 4ms+7ms
01-01 00:00:20.960 I/PackageManager( 1181): /system/app/Launcher3.apk changed; collecting certs
01-01 00:00:21.234 D/dalvikvm( 1181): GC_CONCURRENT freed 378K, 43% free 3726K/6535K, external 716K/1038K, paused 4ms+6ms
01-01 00:00:21.242 W/PackageManager( 1181): Application package com.android.launcher already installed.  Skipping duplicate.
01-01 00:00:22.531 D/PackageManager( 1181): No files in app dir /vendor/app
01-01 00:00:22.531 I/PackageManager( 1181): Time to scan packages: 3.137 seconds
01-01 00:00:22.539 W/PackageManager( 1181): Unknown permission com.google.android.googleapps.permission.GOOGLE_AUTH.mail in package com.android.contacts
01-01 00:00:22.539 W/PackageManager( 1181): Unknown permission android.permission.ADD_SYSTEM_SERVICE in package com.android.phone
01-01 00:00:22.546 W/PackageManager( 1181): Unknown permission com.google.android.googleapps.permission.GOOGLE_AUTH in package com.android.providers.calendar
01-01 00:00:22.546 W/PackageManager( 1181): Unknown permission com.google.android.googleapps.permission.GOOGLE_AUTH.cl in package com.android.providers.calendar
01-01 00:00:22.546 W/PackageManager( 1181): Unknown permission com.google.android.googleapps.permission.GOOGLE_AUTH.mail in package com.android.calendar
01-01 00:00:22.546 W/PackageManager( 1181): Not granting permission android.permission.SEND_DOWNLOAD_COMPLETED_INTENTS to package com.android.browser (protectionLevel=2 flags=0x9be45)
01-01 00:00:22.546 W/PackageManager( 1181): Unknown permission com.google.android.gm.permission.WRITE_GMAIL in package com.android.settings
01-01 00:00:22.546 W/PackageManager( 1181): Unknown permission com.google.android.gm.permission.READ_GMAIL in package com.android.settings
01-01 00:00:22.546 W/PackageManager( 1181): Unknown permission com.google.android.googleapps.permission.GOOGLE_AUTH in package com.android.settings
01-01 00:00:22.554 W/PackageManager( 1181): Unknown permission com.google.android.googleapps.permission.GOOGLE_AUTH in package com.android.providers.contacts
01-01 00:00:22.554 W/PackageManager( 1181): Unknown permission com.google.android.googleapps.permission.GOOGLE_AUTH.cp in package com.android.providers.contacts
01-01 00:00:22.554 W/PackageManager( 1181): Unknown permission com.google.android.googleapps.permission.ACCESS_GOOGLE_PASSWORD in package com.android.development
01-01 00:00:22.554 W/PackageManager( 1181): Unknown permission com.google.android.googleapps.permission.GOOGLE_AUTH in package com.android.development
01-01 00:00:22.554 W/PackageManager( 1181): Unknown permission com.google.android.googleapps.permission.GOOGLE_AUTH.ALL_SERVICES in package com.android.development
01-01 00:00:22.554 W/PackageManager( 1181): Unknown permission com.google.android.googleapps.permission.GOOGLE_AUTH.YouTubeUser in package com.android.development
01-01 00:00:22.554 W/PackageManager( 1181): Unknown permission android.permission.READ_OWNER_DATA in package com.android.email
01-01 00:00:22.554 W/PackageManager( 1181): Not granting permission android.permission.DEVICE_POWER to package com.android.deskclock (protectionLevel=2 flags=0x8be45)
01-01 00:00:22.687 D/dalvikvm( 1181): GC_CONCURRENT freed 256K, 41% free 3953K/6663K, external 716K/1038K, paused 4ms+8ms
01-01 00:00:23.453 D/dalvikvm( 1181): GC_EXPLICIT freed 349K, 46% free 3626K/6663K, external 716K/1038K, paused 56ms
01-01 00:00:23.460 I/SystemServer( 1181): Account Manager
01-01 00:00:23.531 I/SystemServer( 1181): Content Manager
01-01 00:00:23.617 I/SystemServer( 1181): System Content Providers
01-01 00:00:23.625 I/ActivityThread( 1181): Pub settings: com.android.providers.settings.SettingsProvider
01-01 00:00:23.656 I/SystemServer( 1181): Battery Service
01-01 00:00:23.664 D/SettingsProvider( 1181): cache for settings table 'secure' rows=27; fullycached=true
01-01 00:00:23.687 I/SystemServer( 1181): Lights Service
01-01 00:00:23.687 I/SystemServer( 1181): Vibrator Service
01-01 00:00:23.710 D/SettingsProvider( 1181): cache for settings table 'system' rows=51; fullycached=true
01-01 00:00:23.718 I/power   ( 1181): *** set_screen_state 1
01-01 00:00:23.734 I/SystemServer( 1181): Alarm Manager
01-01 00:00:23.742 I/SystemServer( 1181): Init Watchdog
01-01 00:00:23.742 I/SystemServer( 1181): Window Manager
01-01 00:00:23.750 I/InputManager( 1181): Initializing input manager
01-01 00:00:23.773 I/InputManager( 1181): Starting input manager
01-01 00:00:23.773 I/SystemServer( 1181): Bluetooth Service
01-01 00:00:23.781 E/EventHub( 1181): could not get driver version for /dev/input/mice, Not a typewriter
01-01 00:00:23.781 I/EventHub( 1181): New device: path=/dev/input/event4 name=USB Optical Mouse id=0x10000 (of 0x1) index=1 fd=85 classes=0x100
01-01 00:00:23.781 E/EventHub( 1181): could not get driver version for /dev/input/mouse0, Not a typewriter
01-01 00:00:23.781 I/BluetoothProfileState( 1181): Message:Entering Stable State
01-01 00:00:23.781 I/BluetoothProfileState( 1181): Message:Entering Stable State
01-01 00:00:23.789 I/EventHub( 1181): New keyboard: device->id=0x10001 devname='HID 04d9:1203' propName='hw.keyboards.65537.devname' keylayout='/system/usr/keylayout/qwerty.kl'
01-01 00:00:23.789 I/EventHub( 1181): New device: path=/dev/input/event3 name=HID 04d9:1203 id=0x10001 (of 0x2) index=2 fd=87 classes=0x1
01-01 00:00:23.789 I/EventHub( 1181): New keyboard: device->id=0x10002 devname='HID 04d9:1203' propName='hw.keyboards.65538.devname' keylayout='/system/usr/keylayout/qwerty.kl'
01-01 00:00:23.789 I/EventHub( 1181): New device: path=/dev/input/event2 name=HID 04d9:1203 id=0x10002 (of 0x3) index=3 fd=88 classes=0x3
01-01 00:00:23.789 I/EventHub( 1181): New keyboard: device->id=0x20003 devname='twl4030_pwrbutton' propName='hw.keyboards.131075.devname' keylayout='/system/usr/keylayout/qwerty.kl'
01-01 00:00:23.789 I/EventHub( 1181): New device: path=/dev/input/event1 name=twl4030_pwrbutton id=0x20003 (of 0x4) index=4 fd=92 classes=0x1
01-01 00:00:23.796 I/InputReader( 1181): Device added: id=0x20003, name=twl4030_pwrbutton, sources=00000101
01-01 00:00:23.796 I/InputReader( 1181): Device added: id=0x10002, name=HID 04d9:1203, sources=00000101
01-01 00:00:23.796 I/InputReader( 1181): Device added: id=0x0, name=HID 04d9:1203, sources=00000101
01-01 00:00:23.796 I/InputReader( 1181): Device added: id=0x10000, name=USB Optical Mouse, sources=00002002
01-01 00:00:23.796 I/InputManager-Callbacks( 1181): No input device calibration properties found for device twl4030_pwrbutton.
01-01 00:00:23.796 I/InputManager-Callbacks( 1181): No input device calibration properties found for device HID 04d9:1203.
01-01 00:00:23.796 I/InputManager-Callbacks( 1181): No input device calibration properties found for device HID 04d9:1203.
01-01 00:00:23.796 I/InputManager-Callbacks( 1181): No input device calibration properties found for device USB Optical Mouse.
01-01 00:00:23.796 I/SystemServer( 1181): Device Policy
01-01 00:00:23.804 I/SystemServer( 1181): Status Bar
01-01 00:00:23.804 I/SystemServer( 1181): Clipboard Service
01-01 00:00:23.804 I/SystemServer( 1181): Input Method Service
01-01 00:00:23.812 I/InputManagerService( 1181): Enabled input methods: com.android.inputmethod.latin/.LatinIME
01-01 00:00:23.820 I/SystemServer( 1181): NetStat Service
01-01 00:00:23.820 I/SystemServer( 1181): NetworkManagement Service
01-01 00:00:23.820 I/SystemServer( 1181): Connectivity Service
01-01 00:00:23.851 I/WifiService( 1181): WifiService starting up with Wi-Fi disabled
01-01 00:00:23.867 D/NetworkManagmentService( 1181): Registering observer
01-01 00:00:23.890 I/SystemServer( 1181): Throttle Service
01-01 00:00:23.898 I/SystemServer( 1181): Accessibility Manager
01-01 00:00:23.898 I/SystemServer( 1181): Mount Service
01-01 00:00:23.914 I/SystemServer( 1181): Notification Manager
01-01 00:00:23.921 I/SystemServer( 1181): Device Storage Monitor
01-01 00:00:23.921 I/SystemServer( 1181): Location Manager
01-01 00:00:23.929 I/PackageManager( 1181): Updating external media status from unmounted to unmounted
01-01 00:00:23.929 D/VoldCmdListener( 1067): volume list
01-01 00:00:23.929 D/VoldCmdListener( 1067): share status ums
01-01 00:00:23.929 I/SystemServer( 1181): Search Service
01-01 00:00:23.929 I/SystemServer( 1181): DropBox Service
01-01 00:00:23.945 I/SystemServer( 1181): Wallpaper Service
01-01 00:00:23.953 I/SystemServer( 1181): Audio Service
01-01 00:00:24.031 W/AudioPolicyManagerALSA( 1072): setPhoneState() setting same state 0
01-01 00:00:24.031 D/dalvikvm( 1181): GC_CONCURRENT freed 160K, 41% free 3960K/6663K, external 716K/1038K, paused 4ms+8ms
01-01 00:00:24.054 I/SystemServer( 1181): Headset Observer
01-01 00:00:24.054 W/HeadsetObserver( 1181): This kernel does not have wired headset support
01-01 00:00:24.054 I/SystemServer( 1181): Dock Observer
01-01 00:00:24.054 W/DockObserver( 1181): This kernel does not have dock station support
01-01 00:00:24.062 W/UsbDeviceSettingsManager( 1181): settings file not found
01-01 00:00:24.062 I/SystemServer( 1181): USB Service
01-01 00:00:24.070 I/SystemServer( 1181): UI Mode Manager Service
01-01 00:00:24.078 I/SystemServer( 1181): Backup Service
01-01 00:00:24.085 V/BackupManagerService( 1181): No ancestral data
01-01 00:00:24.351 I/BackupManagerService( 1181): Found stale backup journal, scheduling
01-01 00:00:24.351 I/BackupManagerService( 1181):   android
01-01 00:00:24.351 I/BackupManagerService( 1181):   com.android.browser
01-01 00:00:24.351 I/BackupManagerService( 1181):   com.android.inputmethod.latin
01-01 00:00:24.351 I/BackupManagerService( 1181):   com.android.providers.settings
01-01 00:00:24.351 I/BackupManagerService( 1181):   com.android.providers.userdictionary
01-01 00:00:24.351 I/BackupManagerService( 1181): Backup enabled => false
01-01 00:00:24.359 I/WindowManager( 1181): SAFE MODE not enabled
01-01 00:00:24.359 D/dalvikvm( 1181): JIT started for system_server
01-01 00:00:24.359 I/SystemServer( 1181): AppWidget Service
01-01 00:00:24.359 I/SystemServer( 1181): Recognition Service
01-01 00:00:24.359 I/SystemServer( 1181): DiskStats Service
01-01 00:00:24.382 D/PowerManagerService( 1181): system ready!
01-01 00:00:24.390 I/ActivityManager( 1181): System now ready
01-01 00:00:24.390 I/SystemServer( 1181): Making services ready
01-01 00:00:24.390 I/StatusBarManagerService( 1181): Starting service: ComponentInfo{com.android.systemui/com.android.systemui.statusbar.StatusBarService}
01-01 00:00:24.406 I/Zygote  ( 1181): Process: zygote socket opened
01-01 00:00:24.414 I/ActivityManager( 1181): Start proc com.android.systemui for service com.android.systemui/.statusbar.StatusBarService: pid=1253 uid=1000 gids={3002, 3001, 3003}
01-01 00:00:24.414 I/ActivityManager( 1181): Config changed: { scale=1.0 imsi=0/0 loc=en_US touch=0 keys=0/0/0 nav=0/0 orien=0 layout=0 uiMode=17 seq=2}
01-01 00:00:24.421 I/ActivityManager( 1181): Config changed: { scale=1.0 imsi=0/0 loc=en_US touch=1 keys=2/1/2 nav=1/1 orien=2 layout=268435475 uiMode=17 seq=3}
01-01 00:00:24.437 W/RecognitionManagerService( 1181): no available voice recognition services found
01-01 00:00:24.570 I/ActivityManager( 1181): Start proc com.android.inputmethod.latin for service com.android.inputmethod.latin/.LatinIME: pid=1260 uid=10011 gids={}
01-01 00:00:24.585 W/ActivityManager( 1181): Unable to start service Intent { act=@0 }: not found
01-01 00:00:24.601 D/NetworkManagmentService( 1181): Registering observer
01-01 00:00:24.687 E/ThrottleService( 1181): Could not open GPS configuration file /etc/gps.conf
01-01 00:00:24.750 W/ActivityManager( 1181): Unable to start service Intent { act=@0 }: not found
01-01 00:00:24.789 I/ActivityManager( 1181): Start proc com.android.phone for added application com.android.phone: pid=1273 uid=1001 gids={3002, 3001, 3003, 1015}
01-01 00:00:24.820 I/ActivityManager( 1181): Start proc com.android.systemui for added application com.android.systemui: pid=1276 uid=1000 gids={3002, 3001, 3003}
01-01 00:00:24.828 I/ActivityManager( 1181): Starting: Intent { act=android.intent.action.MAIN cat=[android.intent.category.HOME] flg=0x10000000 cmp=com.android.launcher/com.android.launcher2.Launcher } from pid 0
01-01 00:00:24.914 I/Process ( 1181): Sending signal. PID: 1253 SIG: 9
01-01 00:00:24.914 I/ActivityManager( 1181): Start proc com.android.launcher for activity com.android.launcher/com.android.launcher2.Launcher: pid=1282 uid=10029 gids={}
01-01 00:00:24.914 W/ActivityManager( 1181): No pending application record for pid 1253 (IApplicationThread android.app.ApplicationThreadProxy@408b7500); dropping process
01-01 00:00:24.921 I/SystemServer( 1181): Enabled StrictMode for system server main thread.
01-01 00:00:24.929 I//system/bin/tc( 1068): Cannot find device "rmnet0"
01-01 00:00:24.937 I/logwrapper( 1068): /system/bin/tc terminated by exit(1)
01-01 00:00:25.046 I//system/bin/tc( 1068): Cannot find device "rmnet0"
01-01 00:00:25.046 I/logwrapper( 1068): /system/bin/tc terminated by exit(1)
01-01 00:00:25.101 I//system/bin/tc( 1068): Cannot find device "ifb0"
01-01 00:00:25.101 I/logwrapper( 1068): /system/bin/tc terminated by exit(1)
01-01 00:00:25.203 D/dalvikvm( 1181): GREF has increased to 201
01-01 00:00:25.226 D/dalvikvm( 1181): GC_CONCURRENT freed 376K, 41% free 4099K/6919K, external 1035K/1038K, paused 5ms+12ms
01-01 00:00:25.359 D/dalvikvm( 1181): GC_EXTERNAL_ALLOC freed 16K, 41% free 4083K/6919K, external 1035K/1038K, paused 112ms
01-01 00:00:25.375 D/dalvikvm( 1260): GC_CONCURRENT freed 394K, 51% free 2814K/5639K, external 716K/1038K, paused 4ms+12ms
01-01 00:00:25.898 I/ActivityManager( 1181): Start proc android.process.acore for content provider com.android.providers.userdictionary/.UserDictionaryProvider: pid=1311 uid=10019 gids={3003, 1015}
01-01 00:00:26.101 I/ActivityThread( 1282): Pub com.android.launcher2.settings: com.android.launcher2.LauncherProvider
01-01 00:00:26.226 D/dalvikvm( 1273): GC_CONCURRENT freed 403K, 51% free 2819K/5639K, external 716K/1038K, paused 4ms+82ms
01-01 00:00:26.273 D/dalvikvm( 1276): GC_CONCURRENT freed 374K, 51% free 2799K/5639K, external 885K/1038K, paused 4ms+24ms
01-01 00:00:26.304 D/dalvikvm( 1282): GC_CONCURRENT freed 405K, 51% free 2800K/5639K, external 716K/1038K, paused 4ms+9ms
01-01 00:00:26.437 D/dalvikvm( 1181): GC_EXTERNAL_ALLOC freed 169K, 41% free 4144K/6919K, external 1564K/1567K, paused 189ms
01-01 00:00:26.578 I/ActivityThread( 1273): Pub mms: com.android.providers.telephony.MmsProvider
01-01 00:00:26.718 I/ActivityThread( 1273): Pub sms: com.android.providers.telephony.SmsProvider
01-01 00:00:26.718 I/ActivityThread( 1273): Pub telephony: com.android.providers.telephony.TelephonyProvider
01-01 00:00:26.796 I/ActivityThread( 1273): Pub icc: com.android.phone.IccProvider
01-01 00:00:26.796 I/ActivityThread( 1273): Pub mms-sms: com.android.providers.telephony.MmsSmsProvider
01-01 00:00:26.859 I/StatusBarManagerService( 1181): registerStatusBar bar=com.android.internal.statusbar.IStatusBar$Stub$Proxy@408aacd0
01-01 00:00:26.906 I/ActivityThread( 1311): Pub com.android.social: com.android.providers.contacts.SocialProvider
01-01 00:00:26.960 D/dalvikvm( 1260): GC_EXTERNAL_ALLOC freed 61K, 49% free 2900K/5639K, external 1020K/1038K, paused 417ms
01-01 00:00:27.007 D/VoldCmdListener( 1067): share status ums
01-01 00:00:27.039 D/StorageNotification( 1276): Startup with UMS connection false (media state unmounted)
01-01 00:00:27.062 I/StorageNotification( 1276): UMS connection changed to false (media state unmounted)
01-01 00:00:27.609 D/dalvikvm( 1311): GC_CONCURRENT freed 393K, 51% free 2776K/5639K, external 716K/1038K, paused 4ms+8ms
01-01 00:00:27.640 D/dalvikvm( 1181): GC_EXTERNAL_ALLOC freed 97K, 40% free 4192K/6919K, external 1468K/1745K, paused 94ms
01-01 00:00:27.890 I/ActivityThread( 1311): Pub applications: com.android.providers.applications.ApplicationsProvider
01-01 00:00:27.968 D/dalvikvm( 1181): GC_EXTERNAL_ALLOC freed 109K, 40% free 4217K/6983K, external 2465K/3078K, paused 117ms
01-01 00:00:28.382 I/ActivityThread( 1311): Pub contacts;com.android.contacts: com.android.providers.contacts.ContactsProvider2
01-01 00:00:28.390 D/GSM_S   ( 1273): [DSAC DEB] registerForPsRestrictedEnabled 
01-01 00:00:28.390 D/GSM_S   ( 1273): [DSAC DEB] registerForPsRestrictedDisabled 
01-01 00:00:28.445 D/GSMDCT  ( 1273): [GsmDataConnectionTracker] createAllPdpList pool size is 1
01-01 00:00:28.468 D/GSMDCT  ( 1273): [GsmDataConnectionTracker] createAllPdpList added #0 pdp State=DcInactiveState Apn=null create=-1 lastFail=-1 lastFailCause=No Error
01-01 00:00:28.625 D/CallManager( 1273): registerPhone(GSM Handler{40777528})
01-01 00:00:28.843 W/AudioPolicyManagerALSA( 1072): AudioPolicyManagerALSA::getStrategyForStream() Stub Called... 
01-01 00:00:28.843 W/AudioPolicyManagerALSA( 1072):  redirecting AudioPolicyManagerALSA::getStrategy()
01-01 00:00:28.890 W/ActivityManager( 1181): Unable to start service Intent { act=com.android.ussd.IExtendedNetworkService }: not found
01-01 00:00:28.968 E/GSM_S   ( 1273): Wrong network type: 0
01-01 00:00:28.968 E/GSM_S   ( 1273): Wrong network type: 0
01-01 00:00:28.968 D/GSM_S   ( 1273): Poll ServiceState done:  oldSS=[1 home null null null  Unknown CSS not supported 0 0RoamInd: 0DefRoamInd: 0EmergOnly: false] newSS=[3 home null null null  Unknown CSS not supported -1 -1RoamInd: -1DefRoamInd: -1EmergOnly: false] oldGprs=1 newGprs=1 oldType=unknown newType=unknown
01-01 00:00:28.984 I/TelephonyRegistry( 1181): notifyServiceState: 3 home null null null  Unknown CSS not supported -1 -1RoamInd: -1DefRoamInd: -1EmergOnly: false
01-01 00:00:29.031 D/GSMDCT  ( 1273): GSMDataConnTrack handleMessage { what=3 when=-644ms obj=android.os.AsyncResult@407c0ec8 }
01-01 00:00:29.031 D/GSMDCT  ( 1273): GSMDataConnTrack handleMessage { what=12 when=-644ms obj=android.os.AsyncResult@407c0f68 }
01-01 00:00:29.031 D/GSMDCT  ( 1273): [GsmDataConnectionTracker] Radio is off and clean up all connection
01-01 00:00:29.031 D/GSMDCT  ( 1273): [GsmDataConnectionTracker] Clean up connection due to radioTurnedOff
01-01 00:00:29.046 D/GSMDCT  ( 1273): [GsmDataConnectionTracker] setState: DISCONNECTING
01-01 00:00:29.046 D/GSMDCT  ( 1273): [GsmDataConnectionTracker] cleanUpConnection: !tearDown, call conn.resetSynchronously
01-01 00:00:29.054 D/GSMDCT  ( 1273): [DataConnection] Stop poll NetStat
01-01 00:00:29.054 D/GSMDCT  ( 1273): [GsmDataConnectionTracker] cleanupConnection: !notificationDeferred
01-01 00:00:29.062 D/GSMDCT  ( 1273): [GsmDataConnectionTracker] gotoIdleAndNotifyDataConnection: reason=radioTurnedOff
01-01 00:00:29.062 D/GSMDCT  ( 1273): [GsmDataConnectionTracker] setState: IDLE
01-01 00:00:29.062 I/TelephonyRegistry( 1181): notifyDataConnection: state=0 isDataConnectivityPossible=false reason=radioTurnedOff interfaceName=null networkType=0
01-01 00:00:29.085 D/GSMDCT  ( 1273): GSMDataConnTrack handleMessage { what=19 when=-697ms obj=android.os.AsyncResult@407c12b8 }
01-01 00:00:29.085 D/GSMDCT  ( 1273): [DataConnection] Stop poll NetStat
01-01 00:00:29.093 I/TelephonyRegistry( 1181): notifyDataConnection: state=0 isDataConnectivityPossible=false reason=gprsDetached interfaceName=null networkType=0
01-01 00:00:29.109 D/GSMDCT  ( 1273): GSMDataConnTrack handleMessage { what=22 when=-713ms obj=android.os.AsyncResult@407c1408 }
01-01 00:00:29.109 D/GSMDCT  ( 1273): [GsmDataConnectionTracker] ***trySetupData due to roamingOff
01-01 00:00:29.109 D/GSMDCT  ( 1273): [DSAC DEB] trySetupData with mIsPsRestricted=false
01-01 00:00:29.125 D/GSMDCT  ( 1273): [GsmDataConnectionTracker] trySetupData: disabled test for sim getRecordsLoaded
01-01 00:00:29.125 D/GSMDCT  ( 1273): [GsmDataConnectionTracker] trySetupData: Not ready for data:  dataState=IDLE gprsState=1 sim=false UMTS=false phoneState=IDLE isDataAllowed=true dataEnabled=true roaming=false dataOnRoamingEnable=true ps restricted=false desiredPowerState=true MasterDataEnabled=true
01-01 00:00:29.242 D/BT HSHFP( 1273): Starting BluetoothHeadsetService
01-01 00:00:29.343 D/dalvikvm( 1282): GC_EXTERNAL_ALLOC freed 43K, 50% free 2850K/5639K, external 1032K/1038K, paused 433ms
01-01 00:00:29.703 D/dalvikvm( 1273): GC_CONCURRENT freed 202K, 48% free 3011K/5703K, external 716K/1038K, paused 4ms+29ms
01-01 00:00:30.078 E/GSM_S   ( 1273): Wrong network type: 0
01-01 00:00:30.078 D/GSM_S   ( 1273): Poll ServiceState done:  oldSS=[3 home null null null  Unknown CSS not supported -1 -1RoamInd: -1DefRoamInd: -1EmergOnly: false] newSS=[0 home Sprint PCS SPCS 310120 (manual) UMTS CSS not supported -1 -1RoamInd: -1DefRoamInd: -1EmergOnly: false] oldGprs=1 newGprs=0 oldType=unknown newType=UMTS
01-01 00:00:30.078 E/GSM_S   ( 1273): Wrong network type: 0
01-01 00:00:30.078 D/GSM_S   ( 1273): RAT switched unknown to-> UMTS at cell -1
01-01 00:00:30.117 I/TelephonyRegistry( 1181): notifyServiceState: 0 home Sprint PCS SPCS 310120 (manual) UMTS CSS not supported -1 -1RoamInd: -1DefRoamInd: -1EmergOnly: false
01-01 00:00:30.156 I/TelephonyRegistry( 1181): notifyDataConnection: state=0 isDataConnectivityPossible=false reason=null interfaceName=null networkType=3
01-01 00:00:30.171 D/GSMDCT  ( 1273): GSMDataConnTrack handleMessage { what=26 when=-21ms obj=android.os.AsyncResult@407d07e0 }
01-01 00:00:30.171 D/GSMDCT  ( 1273): [GsmDataConnectionTracker] handleMessage: force APN rebuild
01-01 00:00:30.210 D/GSMDCT  ( 1273): [GsmDataConnectionTracker] createAllApnList: null operator from SIM, using network instead
01-01 00:00:30.210 D/GSMDCT  ( 1273): [GsmDataConnectionTracker] createAllApnList: TelephonyManager network is 310120
01-01 00:00:30.382 D/GSMDCT  ( 1273): [GsmDataConnectionTracker] No APN found for carrier: 310120 making default
01-01 00:00:30.453 D/PowerManagerService( 1181): bootCompleted
01-01 00:00:30.468 D/VoldCmdListener( 1067): volume mount /mnt/sdcard
01-01 00:00:30.468 I/Vold    ( 1067): /dev/block/vold/179:3 being considered for volume sdcard
01-01 00:00:30.468 D/Vold    ( 1067): Volume sdcard state changing 1 (Idle-Unmounted) -> 3 (Checking)
01-01 00:00:30.476 I/StorageNotification( 1276): Media {/mnt/sdcard} state changed from {unmounted} -> {checking}
01-01 00:00:30.500 I/SurfaceFlinger( 1181): Boot is finished (12638 ms)
01-01 00:00:30.500 W/logwrapper( 1355): Unable to background process (No such file or directory)
01-01 00:00:30.531 I/SearchManagerService( 1181): Building list of searchable activities
01-01 00:00:30.632 D/GSMDCT  ( 1273): Get PreferredAPN
01-01 00:00:30.632 D/GSMDCT  ( 1273): [GsmDataConnectionTracker] createAllApnList set preferredApn [ApnSettingV2] Sprint, 1, 310120, cinet.spcs, null, http://mms.sprintpcs.com, null, null, null, 0, *, null, null
01-01 00:00:30.632 D/GSMDCT  ( 1273): [GsmDataConnectionTracker] ***trySetupData due to gprsAttached
01-01 00:00:30.632 D/GSMDCT  ( 1273): [DSAC DEB] trySetupData with mIsPsRestricted=false
01-01 00:00:30.632 D/GSMDCT  ( 1273): [GsmDataConnectionTracker] trySetupData: disabled test for sim getRecordsLoaded
01-01 00:00:30.632 D/GSMDCT  ( 1273): [GsmDataConnectionTracker] buildWaitingApns state is:  operator=null mRequestedApnType=default Phone.APN_TYPE_DEFAULT=default canSetPreferApn=true preferredApn=[ApnSettingV2] Sprint, 1, 310120, cinet.spcs, null, http://mms.sprintpcs.com, null, null, null, 0, *, null, null
01-01 00:00:30.632 I/GSMDCT  ( 1273): Preferred APN:null:310120:[ApnSettingV2] Sprint, 1, 310120, cinet.spcs, null, http://mms.sprintpcs.com, null, null, null, 0, *, null, null
01-01 00:00:30.640 D/GSMDCT  ( 1273): [GsmDataConnectionTracker] buildWaitingApns process APN list
01-01 00:00:30.640 D/GSMDCT  ( 1273): [GsmDataConnectionTracker] buildWaitingApns checking apn [ApnSettingV2] Sprint, 1, 310120, cinet.spcs, null, http://mms.sprintpcs.com, null, null, null, 0, *, null, null
01-01 00:00:30.640 D/GSMDCT  ( 1273): [GsmDataConnectionTracker] Create from allApns : [[ApnSettingV2] Sprint, 1, 310120, cinet.spcs, null, http://mms.sprintpcs.com, null, null, null, 0, *, null, null]
01-01 00:00:30.640 D/GSMDCT  ( 1273): [GsmDataConnectionTracker] Setup waitngApns : [[ApnSettingV2] Sprint, 1, 310120, cinet.spcs, null, http://mms.sprintpcs.com, null, null, null, 0, *, null, null]
01-01 00:00:30.640 D/GSMDCT  ( 1273): [GsmDataConnectionTracker] findFreePdp searching pdpList
01-01 00:00:30.648 D/GSMDCT  ( 1273): [GsmDataConnectionTracker] findFreePdp checking pdp.isInactiveState=DcInactiveState Apn=null create=-1 lastFail=-1 lastFailCause=No Error
01-01 00:00:30.656 D/GSMDCT  ( 1273): [GsmDataConnectionTracker] setState: INITING
01-01 00:00:30.656 I/TelephonyRegistry( 1181): notifyDataConnection: state=1 isDataConnectivityPossible=true reason=gprsAttached interfaceName=null networkType=3
01-01 00:00:30.671 D/OtaStartupReceiver( 1273): Not a CDMA phone, no need to process OTA
01-01 00:00:30.718 I//system/bin/fsck_msdos( 1067): ** /dev/block/vold/179:3
01-01 00:00:30.718 I//system/bin/fsck_msdos( 1067): ** Phase 1 - Read and Compare FATs
01-01 00:00:30.718 I//system/bin/fsck_msdos( 1067): Attempting to allocate 888 KB for FAT
01-01 00:00:30.898 D/GSMDCT  ( 1273): GSMDataConnTrack handleMessage { what=5 when=-261ms obj=simLoaded }
01-01 00:00:30.906 D/GSMDCT  ( 1273): [GsmDataConnectionTracker] ***trySetupData due to simLoaded
01-01 00:00:30.906 D/GSMDCT  ( 1273): [DSAC DEB] trySetupData with mIsPsRestricted=false
01-01 00:00:30.906 D/GSMDCT  ( 1273): [GsmDataConnectionTracker] trySetupData: disabled test for sim getRecordsLoaded
01-01 00:00:30.906 D/GSMDCT  ( 1273): [GsmDataConnectionTracker] trySetupData: Not ready for data:  dataState=INITING gprsState=0 sim=false UMTS=true phoneState=IDLE isDataAllowed=true dataEnabled=true roaming=false dataOnRoamingEnable=true ps restricted=false desiredPowerState=true MasterDataEnabled=true
01-01 00:00:30.906 D/GSMDCT  ( 1273): GSMDataConnTrack handleMessage { what=29 when=-3ms }
01-01 00:00:30.906 D/GSMDCT  ( 1273): [GsmDataConnectionTracker] handleMessage: disabled APN changed dispatch
01-01 00:00:30.929 I/ActivityManager( 1181): Start proc com.android.mms for broadcast com.android.mms/.transaction.MmsSystemEventReceiver: pid=1361 uid=10005 gids={3003, 1015}
01-01 00:00:31.257 I/ActivityThread( 1311): Pub call_log: com.android.providers.contacts.CallLogProvider
01-01 00:00:31.257 I/ActivityThread( 1311): Pub user_dictionary: com.android.providers.userdictionary.UserDictionaryProvider
01-01 00:00:31.320 D/dalvikvm( 1181): GC_CONCURRENT freed 366K, 39% free 4389K/7175K, external 2465K/3665K, paused 5ms+88ms
01-01 00:00:31.453 I/RecoverySystem( 1181): No recovery log file
01-01 00:00:31.710 E/pppd    ( 1363): Connect script failed
01-01 00:00:31.789 I//system/bin/fsck_msdos( 1067): Attempting to allocate 888 KB for FAT
01-01 00:00:31.804 W/ResourceType( 1181): Failure getting entry for 0x7f02007d (t=1 e=125) in package 0 (error -75)
01-01 00:00:31.820 D/dalvikvm( 1311): GC_CONCURRENT freed 238K, 48% free 2988K/5703K, external 716K/1038K, paused 10ms+17ms
01-01 00:00:32.140 I/ActivityThread( 1361): Pub com.android.mms.SuggestionsProvider: com.android.mms.SuggestionsProvider
01-01 00:00:32.218 D/dalvikvm( 1361): GC_CONCURRENT freed 408K, 51% free 2813K/5639K, external 716K/1038K, paused 3ms+19ms
01-01 00:00:32.375 I//system/bin/fsck_msdos( 1067): ** Phase 2 - Check Cluster Chains
01-01 00:00:32.429 D/dalvikvm( 1181): GREF has increased to 301
01-01 00:00:32.578 I//system/bin/fsck_msdos( 1067): ** Phase 3 - Checking Directories
01-01 00:00:32.625 I//system/bin/fsck_msdos( 1067): ** Phase 4 - Checking for Lost Files
01-01 00:00:32.656 I/ActivityManager( 1181): Start proc android.process.media for broadcast com.android.providers.downloads/.DownloadReceiver: pid=1405 uid=10002 gids={1015, 2001, 3003}
01-01 00:00:32.765 D/dalvikvm( 1273): GREF has increased to 201
01-01 00:00:32.781 I//system/bin/fsck_msdos( 1067): 74 files, 856308 free (214077 clusters)
01-01 00:00:32.796 I/PackageManager( 1181): Updating external media status from unmounted to mounted
01-01 00:00:32.796 I/Vold    ( 1067): Filesystem check completed OK
01-01 00:00:32.796 I/Vold    ( 1067): Device /dev/block/vold/179:3, target /mnt/sdcard mounted @ /mnt/secure/staging
01-01 00:00:32.796 D/Vold    ( 1067): Volume sdcard state changing 3 (Checking) -> 4 (Mounted)
01-01 00:00:32.796 I/StorageNotification( 1276): Media {/mnt/sdcard} state changed from {checking} -> {mounted}
01-01 00:00:32.867 D/VoldCmdListener( 1067): asec list
01-01 00:00:32.898 I/PackageManager( 1181): No secure containers on sdcard
01-01 00:00:33.023 D/dalvikvm( 1273): GC_CONCURRENT freed 366K, 49% free 3046K/5895K, external 716K/1038K, paused 4ms+19ms
01-01 00:00:33.031 W/PackageManager( 1181): Unknown permission com.google.android.googleapps.permission.GOOGLE_AUTH.mail in package com.android.contacts
01-01 00:00:33.031 W/PackageManager( 1181): Unknown permission android.permission.ADD_SYSTEM_SERVICE in package com.android.phone
01-01 00:00:33.031 W/PackageManager( 1181): Unknown permission com.google.android.googleapps.permission.GOOGLE_AUTH in package com.android.providers.calendar
01-01 00:00:33.031 W/PackageManager( 1181): Unknown permission com.google.android.googleapps.permission.GOOGLE_AUTH.cl in package com.android.providers.calendar
01-01 00:00:33.031 W/PackageManager( 1181): Unknown permission com.google.android.googleapps.permission.GOOGLE_AUTH.mail in package com.android.calendar
01-01 00:00:33.031 W/PackageManager( 1181): Not granting permission android.permission.SEND_DOWNLOAD_COMPLETED_INTENTS to package com.android.browser (protectionLevel=2 flags=0x9be45)
01-01 00:00:33.140 W/PackageManager( 1181): Unknown permission com.google.android.gm.permission.WRITE_GMAIL in package com.android.settings
01-01 00:00:33.140 W/PackageManager( 1181): Unknown permission com.google.android.gm.permission.READ_GMAIL in package com.android.settings
01-01 00:00:33.140 W/PackageManager( 1181): Unknown permission com.google.android.googleapps.permission.GOOGLE_AUTH in package com.android.settings
01-01 00:00:33.140 W/PackageManager( 1181): Unknown permission com.google.android.googleapps.permission.GOOGLE_AUTH in package com.android.providers.contacts
01-01 00:00:33.140 W/PackageManager( 1181): Unknown permission com.google.android.googleapps.permission.GOOGLE_AUTH.cp in package com.android.providers.contacts
01-01 00:00:33.140 W/PackageManager( 1181): Unknown permission com.google.android.googleapps.permission.ACCESS_GOOGLE_PASSWORD in package com.android.development
01-01 00:00:33.140 W/PackageManager( 1181): Unknown permission com.google.android.googleapps.permission.GOOGLE_AUTH in package com.android.development
01-01 00:00:33.140 W/PackageManager( 1181): Unknown permission com.google.android.googleapps.permission.GOOGLE_AUTH.ALL_SERVICES in package com.android.development
01-01 00:00:33.140 W/PackageManager( 1181): Unknown permission com.google.android.googleapps.permission.GOOGLE_AUTH.YouTubeUser in package com.android.development
01-01 00:00:33.203 W/PackageManager( 1181): Unknown permission android.permission.READ_OWNER_DATA in package com.android.email
01-01 00:00:33.203 W/PackageManager( 1181): Not granting permission android.permission.DEVICE_POWER to package com.android.deskclock (protectionLevel=2 flags=0x8be45)
01-01 00:00:33.296 D/dalvikvm( 1282): GC_EXTERNAL_ALLOC freed 111K, 49% free 2911K/5639K, external 1566K/1572K, paused 61ms
01-01 00:00:33.468 D/dalvikvm( 1181): GC_CONCURRENT freed 653K, 41% free 4675K/7815K, external 2465K/3665K, paused 5ms+6ms
01-01 00:00:34.867 I/ActivityThread( 1405): Pub media: com.android.providers.media.MediaProvider
01-01 00:00:34.945 V/MediaProvider( 1405): Attached volume: internal
01-01 00:00:34.960 V/MediaProvider( 1405): /mnt/sdcard volume ID: -1554053918
01-01 00:00:35.000 D/dalvikvm( 1405): GC_CONCURRENT freed 418K, 51% free 2802K/5639K, external 716K/1038K, paused 4ms+8ms
01-01 00:00:35.062 V/MediaProvider( 1405): Attached volume: external
01-01 00:00:35.070 I/ActivityThread( 1405): Pub downloads: com.android.providers.downloads.DownloadProvider
01-01 00:00:35.117 I/ActivityThread( 1405): Pub drm: com.android.providers.drm.DrmProvider
01-01 00:00:35.179 I/ActivityManager( 1181): Start proc com.android.email for broadcast com.android.email/.service.EmailBroadcastReceiver: pid=1431 uid=10009 gids={3003, 1015}
01-01 00:00:35.320 D/dalvikvm( 1071): GC_EXPLICIT freed 10K, 50% free 2715K/5379K, external 716K/1038K, paused 139ms
01-01 00:00:35.429 D/dalvikvm( 1071): GC_EXPLICIT freed <1K, 50% free 2715K/5379K, external 716K/1038K, paused 107ms
01-01 00:00:35.523 D/dalvikvm( 1071): GC_EXPLICIT freed <1K, 50% free 2715K/5379K, external 716K/1038K, paused 93ms
01-01 00:00:35.601 D/dalvikvm( 1431): GC_CONCURRENT freed 405K, 51% free 2799K/5639K, external 716K/1038K, paused 4ms+7ms
01-01 00:00:35.617 I/ActivityThread( 1431): Pub com.android.email.provider: com.android.email.provider.EmailProvider
01-01 00:00:35.640 I/ActivityThread( 1431): Pub com.android.email.attachmentprovider: com.android.email.provider.AttachmentProvider
01-01 00:00:35.648 I/ActivityThread( 1431): Pub com.android.exchange.provider: com.android.exchange.provider.ExchangeProvider
01-01 00:00:35.796 D/EAS SyncManager( 1431): !!! EAS SyncManager, onCreate
01-01 00:00:35.804 I/ActivityManager( 1181): Start proc com.android.deskclock for broadcast com.android.deskclock/.AlarmInitReceiver: pid=1449 uid=10010 gids={}
01-01 00:00:35.859 D/EAS SyncManager( 1431): !!! EAS SyncManager, onStartCommand
01-01 00:00:36.046 D/Email   ( 1431): BOOT_COMPLETED
01-01 00:00:36.484 D/dalvikvm( 1282): GC_EXPLICIT freed 75K, 49% free 2899K/5639K, external 2025K/2087K, paused 44ms
01-01 00:00:36.757 I/ActivityThread( 1449): Pub com.android.deskclock: com.android.deskclock.AlarmProvider
01-01 00:00:38.710 I/ActivityManager( 1181): Start proc com.android.providers.calendar for broadcast com.android.providers.calendar/.CalendarReceiver: pid=1491 uid=10027 gids={3003}
01-01 00:00:38.812 D/MediaScannerService( 1405): start scanning volume internal
01-01 00:00:39.414 I/ActivityThread( 1491): Pub com.android.calendar: com.android.providers.calendar.CalendarProvider2
01-01 00:00:39.796 D/EAS SyncManager( 1431): !!! EAS SyncManager, stopping self
01-01 00:00:39.804 D/Eas Debug( 1431): Logging: 
01-01 00:00:39.890 D/EAS SyncManager( 1431): !!! EAS SyncManager, onStartCommand
01-01 00:00:39.898 D/EAS SyncManager( 1431): !!! EAS SyncManager, stopping self
01-01 00:00:39.906 D/EAS SyncManager( 1431): !!! EAS SyncManager, onDestroy
01-01 00:00:40.156 D/dalvikvm( 1431): GC_CONCURRENT freed 280K, 49% free 2958K/5703K, external 716K/1038K, paused 5ms+8ms
01-01 00:00:40.406 I/ActivityManager( 1181): Start proc com.android.bluetooth for broadcast com.android.bluetooth/.opp.BluetoothOppReceiver: pid=1523 uid=10028 gids={3003, 3002, 3001, 1015}
01-01 00:00:40.500 D/Email   ( 1431): *** synchronizeMailboxGeneric ***
01-01 00:00:40.648 I/ActivityThread( 1523): Pub com.android.bluetooth.opp: com.android.bluetooth.opp.BluetoothOppProvider
01-01 00:00:40.664 D/MediaScanner( 1405):  prescan time: 1317ms
01-01 00:00:40.664 D/MediaScanner( 1405):     scan time: 322ms
01-01 00:00:40.664 D/MediaScanner( 1405): postscan time: 1ms
01-01 00:00:40.664 D/MediaScanner( 1405):    total time: 1640ms
01-01 00:00:40.671 D/Calendar( 1491): missed alarms found: 0
01-01 00:00:40.710 D/GSMDCT  ( 1273): [DataConnection] Stop poll NetStat
01-01 00:00:40.765 I/ActivityManager( 1181): Start proc com.cooliris.media for broadcast com.cooliris.media/com.cooliris.cache.BootReceiver: pid=1531 uid=10032 gids={1015, 3003}
01-01 00:00:40.789 D/MediaScannerService( 1405): done scanning volume internal
01-01 00:00:40.804 D/MediaScannerService( 1405): start scanning volume external
01-01 00:00:40.968 D/dalvikvm( 1181): GREF has increased to 401
01-01 00:00:41.046 I/ActivityThread( 1531): Pub com.cooliris.picasa.contentprovider: com.cooliris.picasa.PicasaContentProvider
01-01 00:00:41.257 D/dalvikvm( 1531): GC_CONCURRENT freed 607K, 52% free 2805K/5831K, external 716K/1038K, paused 4ms+11ms
01-01 00:00:41.328 I/BootReceiver( 1531): Got intent with action android.intent.action.MEDIA_MOUNTED
01-01 00:00:41.335 I/BootReceiver( 1531): Got intent with action android.intent.action.MEDIA_SCANNER_FINISHED
01-01 00:00:41.468 D/dalvikvm( 1181): GC_EXPLICIT freed 636K, 42% free 4563K/7815K, external 2465K/3665K, paused 83ms
01-01 00:00:41.523 D/MediaScanner( 1405):  prescan time: 402ms
01-01 00:00:41.523 D/MediaScanner( 1405):     scan time: 145ms
01-01 00:00:41.523 D/MediaScanner( 1405): postscan time: 0ms
01-01 00:00:41.523 D/MediaScanner( 1405):    total time: 547ms
01-01 00:00:41.531 I/BootReceiver( 1531): Got intent with action android.intent.action.MEDIA_SCANNER_FINISHED
01-01 00:00:41.539 D/MediaScannerService( 1405): done scanning volume external
01-01 00:00:41.578 D/Email   ( 1431): *** synchronizeMailboxGeneric ***
01-01 00:01:00.031 I/dalvikvm( 1276): Total arena pages for JIT: 11
01-01 00:01:00.046 W/ActivityManager( 1181): finishReceiver called but active receiver is different
