01-01 00:01:01.539 D/GSM_S   ( 1273): Poll ServiceState done:  oldSS=[0 home Sprint PCS SPCS 310120 (manual) UMTS CSS not supported -1 -1RoamInd: -1DefRoamInd: -1EmergOnly: false] newSS=[0 home Sprint PCS SPCS 310120 (manual) UMTS CSS not supported -1 -1RoamInd: -1DefRoamInd: -1EmergOnly: false] oldGprs=0 newGprs=0 oldType=UMTS newType=UMTS
01-01 00:01:01.593 D/GSMDCT  ( 1273): GSMDataConnTrack handleMessage { what=1 when=0 arg1=-1 obj=android.os.AsyncResult@40799ae8 }
01-01 00:01:01.593 D/DataConnectionTracker( 1273): DataConnectionTracker EVENT_DATA_SETUP_COMPLETE
01-01 00:01:01.593 D/GSMDCT  ( 1273): [GsmDataConnectionTracker] PDP setup failed Unknown Data Error
01-01 00:01:01.593 D/GSMDCT  ( 1273): [GsmDataConnectionTracker] onDataSetupComplete: waitingApns.size=0 waitingApnsPermanenatFailureCountDown=1
01-01 00:01:01.593 D/GSMDCT  ( 1273): [GsmDataConnectionTracker] onDataSetupComplete: Not all permanent failures, retry
01-01 00:01:01.593 D/GSMDCT  ( 1273): [GsmDataConnectionTracker] setState: FAILED
01-01 00:01:01.593 D/GSMDCT  ( 1273): PDP activate failed. Scheduling next attempt for 5s
01-01 00:01:01.601 D/GSMDCT  ( 1273): NOT Posting GPRS Unavailable notification -- likely transient error
01-01 00:01:01.757 D/GSM_S   ( 1273): Poll ServiceState done:  oldSS=[0 home Sprint PCS SPCS 310120 (manual) UMTS CSS not supported -1 -1RoamInd: -1DefRoamInd: -1EmergOnly: false] newSS=[0 home Sprint PCS SPCS 310120 (manual) UMTS CSS not supported -1 -1RoamInd: -1DefRoamInd: -1EmergOnly: false] oldGprs=0 newGprs=0 oldType=UMTS newType=UMTS
01-01 00:01:06.617 D/GSMDCT  ( 1273): GPRS reconnect alarm. Previous state was FAILED
01-01 00:01:06.617 D/GSMDCT  ( 1273): GSMDataConnTrack handleMessage { what=34 when=0 obj=gprsAttached }
01-01 00:01:06.617 D/GSMDCT  ( 1273): [GsmDataConnectionTracker] Clean up connection due to gprsAttached
01-01 00:01:06.625 D/GSMDCT  ( 1273): [GsmDataConnectionTracker] setState: DISCONNECTING
01-01 00:01:06.625 D/GSMDCT  ( 1273): [GsmDataConnectionTracker] cleanUpConnection: !tearDown, call conn.resetSynchronously
01-01 00:01:06.625 D/GSMDCT  ( 1273): [DataConnection] Stop poll NetStat
01-01 00:01:06.625 D/GSMDCT  ( 1273): [GsmDataConnectionTracker] cleanupConnection: !notificationDeferred
01-01 00:01:06.625 D/GSMDCT  ( 1273): [GsmDataConnectionTracker] gotoIdleAndNotifyDataConnection: reason=gprsAttached
01-01 00:01:06.625 D/GSMDCT  ( 1273): [GsmDataConnectionTracker] setState: IDLE
01-01 00:01:06.625 I/TelephonyRegistry( 1181): notifyDataConnection: state=0 isDataConnectivityPossible=false reason=gprsAttached interfaceName=null networkType=3
01-01 00:01:06.648 D/GSMDCT  ( 1273): GSMDataConnTrack handleMessage { what=5 when=-28ms }
01-01 00:01:06.648 D/GSMDCT  ( 1273): [GsmDataConnectionTracker] ***trySetupData due to (unspecified)
01-01 00:01:06.648 D/GSMDCT  ( 1273): [DSAC DEB] trySetupData with mIsPsRestricted=false
01-01 00:01:06.648 D/GSMDCT  ( 1273): [GsmDataConnectionTracker] trySetupData: disabled test for sim getRecordsLoaded
01-01 00:01:06.648 D/GSMDCT  ( 1273): [GsmDataConnectionTracker] buildWaitingApns state is:  operator=null mRequestedApnType=default Phone.APN_TYPE_DEFAULT=default canSetPreferApn=true preferredApn=null
01-01 00:01:06.648 D/GSMDCT  ( 1273): [GsmDataConnectionTracker] buildWaitingApns process APN list
01-01 00:01:06.648 D/GSMDCT  ( 1273): [GsmDataConnectionTracker] buildWaitingApns checking apn [ApnSettingV2] Sprint, 1, 310120, cinet.spcs, null, http://mms.sprintpcs.com, null, null, null, 0, *, null, null
01-01 00:01:06.648 D/GSMDCT  ( 1273): [GsmDataConnectionTracker] Create from allApns : [[ApnSettingV2] Sprint, 1, 310120, cinet.spcs, null, http://mms.sprintpcs.com, null, null, null, 0, *, null, null]
01-01 00:01:06.648 D/GSMDCT  ( 1273): [GsmDataConnectionTracker] Setup waitngApns : [[ApnSettingV2] Sprint, 1, 310120, cinet.spcs, null, http://mms.sprintpcs.com, null, null, null, 0, *, null, null]
01-01 00:01:06.648 D/GSMDCT  ( 1273): [GsmDataConnectionTracker] findFreePdp searching pdpList
01-01 00:01:06.671 D/Tethering( 1181): MasterInitialState.processMessage what=3
01-01 00:01:06.679 D/GSMDCT  ( 1273): [GsmDataConnectionTracker] findFreePdp checking pdp.isInactiveState=DcInactiveState Apn=null create=-1 lastFail=-1 lastFailCause=No Error
01-01 00:01:06.687 D/GSMDCT  ( 1273): [GsmDataConnectionTracker] setState: INITING
01-01 00:01:06.695 I/TelephonyRegistry( 1181): notifyDataConnection: state=1 isDataConnectivityPossible=true reason=null interfaceName=null networkType=3
01-01 00:01:09.296 I/pppd    ( 1747): Serial connection established.
01-01 00:01:09.296 D/pppd    ( 1747): using channel 1
01-01 00:01:09.296 D/Tethering( 1181): ppp0 is not a tetherable iface, ignoring
01-01 00:01:09.296 I/pppd    ( 1747): Using interface ppp0
01-01 00:01:09.296 I/pppd    ( 1747): Connect: ppp0 <--> /dev/ttyUSB0
01-01 00:01:09.406 D/pppd    ( 1747): rcvd [LCP ConfReq id=0x5 <asyncmap 0x0> <magic 0x2100fcb6> <pcomp> <accomp>]
01-01 00:01:09.406 D/pppd    ( 1747): sent [LCP ConfReq id=0x1 <asyncmap 0x0> <magic 0x196e9217> <pcomp> <accomp>]
01-01 00:01:09.406 D/pppd    ( 1747): sent [LCP ConfAck id=0x5 <asyncmap 0x0> <magic 0x2100fcb6> <pcomp> <accomp>]
01-01 00:01:09.414 D/pppd    ( 1747): rcvd [LCP ConfAck id=0x1 <asyncmap 0x0> <magic 0x196e9217> <pcomp> <accomp>]
01-01 00:01:09.414 D/pppd    ( 1747): sent [LCP EchoReq id=0x0 magic=0x196e9217]
01-01 00:01:09.414 D/pppd    ( 1747): sent [IPCP ConfReq id=0x1 <addr 0.0.0.0> <ms-dns1 0.0.0.0> <ms-dns3 0.0.0.0>]
01-01 00:01:09.414 D/pppd    ( 1747): rcvd [IPCP ConfReq id=0x6 <addr 68.28.57.69>]
01-01 00:01:09.414 D/pppd    ( 1747): sent [IPCP ConfAck id=0x6 <addr 68.28.57.69>]
01-01 00:01:09.421 D/pppd    ( 1747): rcvd [LCP EchoRep id=0x0 magic=0x2100fcb6]
01-01 00:01:09.421 D/pppd    ( 1747): rcvd [IPCP ConfNak id=0x1 <addr 72.62.44.143> <ms-dns1 68.28.37.132> <ms-dns3 68.28.34.132>]
01-01 00:01:09.421 D/pppd    ( 1747): sent [IPCP ConfReq id=0x2 <addr 72.62.44.143> <ms-dns1 68.28.37.132> <ms-dns3 68.28.34.132>]
01-01 00:01:09.429 D/pppd    ( 1747): rcvd [IPCP ConfAck id=0x2 <addr 72.62.44.143> <ms-dns1 68.28.37.132> <ms-dns3 68.28.34.132>]
01-01 00:01:09.429 I/pppd    ( 1747): local  IP address 72.62.44.143
01-01 00:01:09.429 I/pppd    ( 1747): remote IP address 68.28.57.69
01-01 00:01:09.429 I/pppd    ( 1747): primary   DNS address 68.28.37.132
01-01 00:01:09.429 I/pppd    ( 1747): secondary DNS address 68.28.34.132
01-01 00:01:09.429 D/pppd    ( 1747): Script /etc/ppp/ip-up-ppp started (pid 1778)
01-01 00:01:09.468 D/pppd    ( 1747): Script /etc/ppp/ip-up-ppp finished (pid 1778), status = 0x0
01-01 00:01:09.757 D/GSMDCT  ( 1273): GSMDataConnTrack handleMessage { what=1 when=-1ms arg1=1 obj=android.os.AsyncResult@40798648 }
01-01 00:01:09.757 D/DataConnectionTracker( 1273): DataConnectionTracker EVENT_DATA_SETUP_COMPLETE
01-01 00:01:09.757 D/GSMDCT  ( 1273): PREFERRED APN is null
01-01 00:01:09.765 D/GSMDCT  ( 1273): [GsmDataConnectionTracker] setState: CONNECTED
01-01 00:01:09.765 I/TelephonyRegistry( 1181): notifyDataConnection: state=2 isDataConnectivityPossible=true reason=null interfaceName=ppp0 networkType=3
01-01 00:01:09.789 D/GSMDCT  ( 1273): [DataConnection] Start poll NetStat
01-01 00:01:09.804 D/GSMDCT  ( 1273): GSMDataConnTrack handleMessage { what=29 when=-1ms }
01-01 00:01:09.804 D/GSMDCT  ( 1273): [GsmDataConnectionTracker] handleMessage: disabled APN changed dispatch
01-01 00:01:09.820 D/NetUtils( 1181): failed to add 68.28.57.69 as default route for ppp0: File exists
01-01 00:01:09.828 D/Tethering( 1181): MasterInitialState.processMessage what=3
